Nothing to build in platform 'EX8_1_1_2'

11:47:36 **** Build of configuration Debug for project EX8_1_1_app ****
make all 
make --no-print-directory pre-build
a9-linaro-pre-build-step
' '
make --no-print-directory main-build
'Building file: ../src/freertos_hello_world.c'
'Invoking: ARM v7 gcc compiler'
arm-none-eabi-gcc -Wall -O0 -g3 -c -fmessage-length=0 -MT"src/freertos_hello_world.o" -mcpu=cortex-a9 -mfpu=vfpv3 -mfloat-abi=hard -IC:/Users/KasperPC/Desktop/EOS_Examen/EX8/EX8_1_1/EX8_1_1_2/export/EX8_1_1_2/sw/EX8_1_1_2/freertos10_xilinx_domain/bspinclude/include -MMD -MP -MF"src/freertos_hello_world.d" -MT"src/freertos_hello_world.o" -o "src/freertos_hello_world.o" "../src/freertos_hello_world.c"
'Finished building: ../src/freertos_hello_world.c'
' '
'Building target: EX8_1_1_app.elf'
'Invoking: ARM v7 gcc linker'
arm-none-eabi-gcc -mcpu=cortex-a9 -mfpu=vfpv3 -mfloat-abi=hard -Wl,-build-id=none -specs=Xilinx.spec -Wl,-T -Wl,../src/lscript.ld -LC:/Users/KasperPC/Desktop/EOS_Examen/EX8/EX8_1_1/EX8_1_1_2/export/EX8_1_1_2/sw/EX8_1_1_2/freertos10_xilinx_domain/bsplib/lib -o "EX8_1_1_app.elf"  ./src/freertos_hello_world.o   -Wl,--start-group,-lxil,-lfreertos,-lgcc,-lc,--end-group
'Finished building target: EX8_1_1_app.elf'
' '
'Invoking: ARM v7 Print Size'
arm-none-eabi-size EX8_1_1_app.elf  |tee "EX8_1_1_app.elf.size"
   text	   data	    bss	    dec	    hex	filename
  70944	   3344	  88784	 163072	  27d00	EX8_1_1_app.elf
'Finished building: EX8_1_1_app.elf.size'
' '
11:47:36 **** Build of configuration Debug for project EX8_1_1_app_system ****
make all 
Generating bif file for the system project
generate_system_bif.bat 54915 C:/Users/KasperPC/Desktop/EOS_Examen/EX8/EX8_1_1/EX8_1_1_2/export/EX8_1_1_2/EX8_1_1_2.xpfm freertos10_xilinx_domain C:/Users/KasperPC/Desktop/EOS_Examen/EX8/EX8_1_1/EX8_1_1_app_system/Debug/system.bif
sdcard_gen --xpfm C:/Users/KasperPC/Desktop/EOS_Examen/EX8/EX8_1_1/EX8_1_1_2/export/EX8_1_1_2/EX8_1_1_2.xpfm --sys_config EX8_1_1_2 --bif C:/Users/KasperPC/Desktop/EOS_Examen/EX8/EX8_1_1/EX8_1_1_app_system/Debug/system.bif --bitstream C:/Users/KasperPC/Desktop/EOS_Examen/EX8/EX8_1_1/EX8_1_1_app/_ide/bitstream/design_1_wrapper.bit --elf C:/Users/KasperPC/Desktop/EOS_Examen/EX8/EX8_1_1/EX8_1_1_app/Debug/EX8_1_1_app.elf,ps7_cortexa9_0
creating BOOT.BIN using C:/Users/KasperPC/Desktop/EOS_Examen/EX8/EX8_1_1/EX8_1_1_app/_ide/bitstream/design_1_wrapper.bit
Running C:/Xilinx/Vitis/2020.1/bin/bootgen  -image C:/Users/KasperPC/Desktop/EOS_Examen/EX8/EX8_1_1/EX8_1_1_app_system/Debug/sd_card_temp/boot.bif -w -o i BOOT.BIN
