Nothing to build in platform 'seven_seg_app'

14:03:31 **** Incremental Build of configuration Debug for project sevensegAPP ****
make all 
make --no-print-directory pre-build
a9-linaro-pre-build-step
' '
make --no-print-directory main-build
'Building file: ../src/helloworld.c'
'Invoking: ARM v7 gcc compiler'
arm-none-eabi-gcc -Wall -O0 -g3 -c -fmessage-length=0 -MT"src/helloworld.o" -mcpu=cortex-a9 -mfpu=vfpv3 -mfloat-abi=hard -IC:/Users/KasperPC/Desktop/EOS_Examen/EX2/seven_seg_app/export/seven_seg_app/sw/seven_seg_app/standalone_domain/bspinclude/include -MMD -MP -MF"src/helloworld.d" -MT"src/helloworld.o" -o "src/helloworld.o" "../src/helloworld.c"
'Finished building: ../src/helloworld.c'
' '
'Building target: sevensegAPP.elf'
'Invoking: ARM v7 gcc linker'
arm-none-eabi-gcc -mcpu=cortex-a9 -mfpu=vfpv3 -mfloat-abi=hard -Wl,-build-id=none -specs=Xilinx.spec -Wl,-T -Wl,../src/lscript.ld -LC:/Users/KasperPC/Desktop/EOS_Examen/EX2/seven_seg_app/export/seven_seg_app/sw/seven_seg_app/standalone_domain/bsplib/lib -o "sevensegAPP.elf"  ./src/helloworld.o ./src/platform.o   -Wl,--start-group,-lxil,-lgcc,-lc,--end-group
'Finished building target: sevensegAPP.elf'
' '
'Invoking: ARM v7 Print Size'
arm-none-eabi-size sevensegAPP.elf  |tee "sevensegAPP.elf.size"
   text	   data	    bss	    dec	    hex	filename
  19184	   1144	  22568	  42896	   a790	sevensegAPP.elf
'Finished building: sevensegAPP.elf.size'
' '
14:03:31 **** Incremental Build of configuration Debug for project sevensegAPP_system ****
make all 
Generating bif file for the system project
generate_system_bif.bat 56428 C:/Users/KasperPC/Desktop/EOS_Examen/EX2/seven_seg_app/export/seven_seg_app/seven_seg_app.xpfm standalone_domain C:/Users/KasperPC/Desktop/EOS_Examen/EX2/sevensegAPP_system/Debug/system.bif
sdcard_gen --xpfm C:/Users/KasperPC/Desktop/EOS_Examen/EX2/seven_seg_app/export/seven_seg_app/seven_seg_app.xpfm --sys_config seven_seg_app --bif C:/Users/KasperPC/Desktop/EOS_Examen/EX2/sevensegAPP_system/Debug/system.bif --bitstream C:/Users/KasperPC/Desktop/EOS_Examen/EX2/sevensegAPP/_ide/bitstream/design_1_wrapper.bit --elf C:/Users/KasperPC/Desktop/EOS_Examen/EX2/sevensegAPP/Debug/sevensegAPP.elf,ps7_cortexa9_0
creating BOOT.BIN using C:/Users/KasperPC/Desktop/EOS_Examen/EX2/sevensegAPP/_ide/bitstream/design_1_wrapper.bit
Running C:/Xilinx/Vitis/2020.1/bin/bootgen  -image C:/Users/KasperPC/Desktop/EOS_Examen/EX2/sevensegAPP_system/Debug/sd_card_temp/boot.bif -w -o i BOOT.BIN
