21:19:30 **** Incremental Build of configuration Debug for project 11_VHDL_SEG_AXI_APP ****
make all 
make --no-print-directory pre-build
a9-linaro-pre-build-step
' '
make --no-print-directory main-build
'Building file: ../src/helloworld.c'
'Invoking: ARM v7 gcc compiler'
arm-none-eabi-gcc -Wall -O0 -g3 -c -fmessage-length=0 -MT"src/helloworld.o" -mcpu=cortex-a9 -mfpu=vfpv3 -mfloat-abi=hard -IC:/eFPGA/11_VHDL_SEG_AXI/11_VHDL_SEG_AXI/export/11_VHDL_SEG_AXI/sw/11_VHDL_SEG_AXI/standalone_domain/bspinclude/include -MMD -MP -MF"src/helloworld.d" -MT"src/helloworld.o" -o "src/helloworld.o" "../src/helloworld.c"
'Finished building: ../src/helloworld.c'
' '
'Building target: 11_VHDL_SEG_AXI_APP.elf'
'Invoking: ARM v7 gcc linker'
arm-none-eabi-gcc -mcpu=cortex-a9 -mfpu=vfpv3 -mfloat-abi=hard -Wl,-build-id=none -specs=Xilinx.spec -Wl,-T -Wl,../src/lscript.ld -LC:/eFPGA/11_VHDL_SEG_AXI/11_VHDL_SEG_AXI/export/11_VHDL_SEG_AXI/sw/11_VHDL_SEG_AXI/standalone_domain/bsplib/lib -o "11_VHDL_SEG_AXI_APP.elf"  ./src/helloworld.o ./src/platform.o   -Wl,--start-group,-lxil,-lgcc,-lc,--end-group
'Finished building target: 11_VHDL_SEG_AXI_APP.elf'
' '
'Invoking: ARM v7 Print Size'
arm-none-eabi-size 11_VHDL_SEG_AXI_APP.elf  |tee "11_VHDL_SEG_AXI_APP.elf.size"
   text	   data	    bss	    dec	    hex	filename
  31368	   1560	  23288	  56216	   db98	11_VHDL_SEG_AXI_APP.elf
'Finished building: 11_VHDL_SEG_AXI_APP.elf.size'
' '

21:19:31 Build Finished (took 594ms)

