12:30:18 **** Incremental Build of configuration Debug for project 12_PS_7_SEG_APP ****
make all 
make --no-print-directory pre-build
a9-linaro-pre-build-step
' '
make --no-print-directory main-build
'Building file: ../src/helloworld.c'
'Invoking: ARM v7 gcc compiler'
arm-none-eabi-gcc -Wall -O0 -g3 -c -fmessage-length=0 -MT"src/helloworld.o" -mcpu=cortex-a9 -mfpu=vfpv3 -mfloat-abi=hard -IC:/eFPGA/12_PS_7_SEG/12_PS_7_SEG/export/12_PS_7_SEG/sw/12_PS_7_SEG/standalone_domain/bspinclude/include -MMD -MP -MF"src/helloworld.d" -MT"src/helloworld.o" -o "src/helloworld.o" "../src/helloworld.c"
'Finished building: ../src/helloworld.c'
' '
'Building target: 12_PS_7_SEG_APP.elf'
'Invoking: ARM v7 gcc linker'
arm-none-eabi-gcc -mcpu=cortex-a9 -mfpu=vfpv3 -mfloat-abi=hard -Wl,-build-id=none -specs=Xilinx.spec -Wl,-T -Wl,../src/lscript.ld -LC:/eFPGA/12_PS_7_SEG/12_PS_7_SEG/export/12_PS_7_SEG/sw/12_PS_7_SEG/standalone_domain/bsplib/lib -o "12_PS_7_SEG_APP.elf"  ./src/helloworld.o ./src/platform.o   -Wl,--start-group,-lxil,-lgcc,-lc,--end-group
'Finished building target: 12_PS_7_SEG_APP.elf'
' '
'Invoking: ARM v7 Print Size'
arm-none-eabi-size 12_PS_7_SEG_APP.elf  |tee "12_PS_7_SEG_APP.elf.size"
   text	   data	    bss	    dec	    hex	filename
  67328	   2608	  23376	  93312	  16c80	12_PS_7_SEG_APP.elf
'Finished building: 12_PS_7_SEG_APP.elf.size'
' '

12:30:19 Build Finished (took 595ms)

