15:36:11 **** Incremental Build of configuration Debug for project EX4_app ****
make all 
make --no-print-directory pre-build
a9-linaro-pre-build-step
' '
make --no-print-directory main-build
'Building file: ../src/helloworld.c'
'Invoking: ARM v7 gcc compiler'
arm-none-eabi-gcc -Wall -O0 -g3 -c -fmessage-length=0 -MT"src/helloworld.o" -mcpu=cortex-a9 -mfpu=vfpv3 -mfloat-abi=hard -IC:/Users/KasperPC/Desktop/EOS_Examen/EX4/EX4/export/EX4/sw/EX4/standalone_domain/bspinclude/include -MMD -MP -MF"src/helloworld.d" -MT"src/helloworld.o" -o "src/helloworld.o" "../src/helloworld.c"
'Finished building: ../src/helloworld.c'
' '
'Building target: EX4_app.elf'
'Invoking: ARM v7 gcc linker'
arm-none-eabi-gcc -mcpu=cortex-a9 -mfpu=vfpv3 -mfloat-abi=hard -Wl,-build-id=none -specs=Xilinx.spec -Wl,-T -Wl,../src/lscript.ld -LC:/Users/KasperPC/Desktop/EOS_Examen/EX4/EX4/export/EX4/sw/EX4/standalone_domain/bsplib/lib -o "EX4_app.elf"  ./src/helloworld.o ./src/platform.o   -Wl,--start-group,-lxil,-lgcc,-lc,--end-group
'Finished building target: EX4_app.elf'
' '
'Invoking: ARM v7 Print Size'
arm-none-eabi-size EX4_app.elf  |tee "EX4_app.elf.size"
   text	   data	    bss	    dec	    hex	filename
  51639	   3332	  22704	  77675	  12f6b	EX4_app.elf
'Finished building: EX4_app.elf.size'
' '

15:36:12 Build Finished (took 575ms)

