Nothing to build in platform 'EX4'

15:36:11 **** Incremental Build of configuration Debug for project EX4_app ****
make all 
make --no-print-directory pre-build
a9-linaro-pre-build-step
' '
make --no-print-directory main-build
'Building file: ../src/helloworld.c'
'Invoking: ARM v7 gcc compiler'
arm-none-eabi-gcc -Wall -O0 -g3 -c -fmessage-length=0 -MT"src/helloworld.o" -mcpu=cortex-a9 -mfpu=vfpv3 -mfloat-abi=hard -IC:/Users/KasperPC/Desktop/EOS_Examen/EX4/EX4/export/EX4/sw/EX4/standalone_domain/bspinclude/include -MMD -MP -MF"src/helloworld.d" -MT"src/helloworld.o" -o "src/helloworld.o" "../src/helloworld.c"
'Finished building: ../src/helloworld.c'
' '
'Building target: EX4_app.elf'
'Invoking: ARM v7 gcc linker'
arm-none-eabi-gcc -mcpu=cortex-a9 -mfpu=vfpv3 -mfloat-abi=hard -Wl,-build-id=none -specs=Xilinx.spec -Wl,-T -Wl,../src/lscript.ld -LC:/Users/KasperPC/Desktop/EOS_Examen/EX4/EX4/export/EX4/sw/EX4/standalone_domain/bsplib/lib -o "EX4_app.elf"  ./src/helloworld.o ./src/platform.o   -Wl,--start-group,-lxil,-lgcc,-lc,--end-group
'Finished building target: EX4_app.elf'
' '
'Invoking: ARM v7 Print Size'
arm-none-eabi-size EX4_app.elf  |tee "EX4_app.elf.size"
   text	   data	    bss	    dec	    hex	filename
  51639	   3332	  22704	  77675	  12f6b	EX4_app.elf
'Finished building: EX4_app.elf.size'
' '
15:36:12 **** Incremental Build of configuration Debug for project EX4_app_system ****
make all 
Generating bif file for the system project
generate_system_bif.bat 50682 C:/Users/KasperPC/Desktop/EOS_Examen/EX4/EX4/export/EX4/EX4.xpfm standalone_domain C:/Users/KasperPC/Desktop/EOS_Examen/EX4/EX4_app_system/Debug/system.bif
sdcard_gen --xpfm C:/Users/KasperPC/Desktop/EOS_Examen/EX4/EX4/export/EX4/EX4.xpfm --sys_config EX4 --bif C:/Users/KasperPC/Desktop/EOS_Examen/EX4/EX4_app_system/Debug/system.bif --bitstream C:/Users/KasperPC/Desktop/EOS_Examen/EX4/EX4_app/_ide/bitstream/design_1_wrapper.bit --elf C:/Users/KasperPC/Desktop/EOS_Examen/EX4/EX4_app/Debug/EX4_app.elf,ps7_cortexa9_0
creating BOOT.BIN using C:/Users/KasperPC/Desktop/EOS_Examen/EX4/EX4_app/_ide/bitstream/design_1_wrapper.bit
Running C:/Xilinx/Vitis/2020.1/bin/bootgen  -image C:/Users/KasperPC/Desktop/EOS_Examen/EX4/EX4_app_system/Debug/sd_card_temp/boot.bif -w -o i BOOT.BIN
