#-----------------------------------------------------------
# Vivado v2019.2 (64-bit)
# SW Build 2708876 on Wed Nov  6 21:40:23 MST 2019
# IP Build 2700528 on Thu Nov  7 00:09:20 MST 2019
# Start of session at: Wed Jun  3 11:18:19 2020
# Process ID: 14612
# Current directory: C:/eFPGA/21_ROT_CUSTOM_IP
# Command line: vivado.exe -gui_launcher_event rodinguilauncherevent9140 C:\eFPGA\21_ROT_CUSTOM_IP\21_ROT_CUSTOM_IP.xpr
# Log file: C:/eFPGA/21_ROT_CUSTOM_IP/vivado.log
# Journal file: C:/eFPGA/21_ROT_CUSTOM_IP\vivado.jou
#-----------------------------------------------------------
start_gui
open_project C:/eFPGA/21_ROT_CUSTOM_IP/21_ROT_CUSTOM_IP.xpr
create_bd_design "design_1"
update_compile_order -fileset sources_1
startgroup
create_bd_cell -type ip -vlnv xilinx.com:ip:processing_system7:5.5 processing_system7_0
endgroup
apply_bd_automation -rule xilinx.com:bd_rule:processing_system7 -config {make_external "FIXED_IO, DDR" apply_board_preset "1" Master "Disable" Slave "Disable" }  [get_bd_cells processing_system7_0]
create_peripheral xilinx.com user ROTARY_ENCODER 1.0 -dir C:/eFPGA/21_ROT_CUSTOM_IP/../ip_repo
add_peripheral_interface S00_AXI -interface_mode slave -axi_type lite [ipx::find_open_core xilinx.com:user:ROTARY_ENCODER:1.0]
generate_peripheral -driver -bfm_example_design -debug_hw_example_design [ipx::find_open_core xilinx.com:user:ROTARY_ENCODER:1.0]
write_peripheral [ipx::find_open_core xilinx.com:user:ROTARY_ENCODER:1.0]
set_property  ip_repo_paths  C:/eFPGA/21_ROT_CUSTOM_IP/../ip_repo/ROTARY_ENCODER_1.0 [current_project]
update_ip_catalog -rebuild
ipx::edit_ip_in_project -upgrade true -name edit_ROTARY_ENCODER_v1_0 -directory C:/eFPGA/21_ROT_CUSTOM_IP/../ip_repo c:/eFPGA/ip_repo/ROTARY_ENCODER_1.0/component.xml
update_compile_order -fileset sources_1
close [ open C:/eFPGA/ip_repo/ROTARY_ENCODER.vhd w ]
add_files C:/eFPGA/ip_repo/ROTARY_ENCODER.vhd
update_compile_order -fileset sources_1
update_compile_order -fileset sources_1
update_compile_order -fileset sources_1
update_compile_order -fileset sources_1
update_compile_order -fileset sources_1
update_compile_order -fileset sources_1
ipx::merge_project_changes files [ipx::current_core]
ipx::merge_project_changes hdl_parameters [ipx::current_core]
ipx::update_checksums [ipx::current_core]
ipx::save_core [ipx::current_core]
set_property core_revision 2 [ipx::current_core]
ipx::update_source_project_archive -component [ipx::current_core]
ipx::create_xgui_files [ipx::current_core]
ipx::update_checksums [ipx::current_core]
ipx::save_core [ipx::current_core]
ipx::check_integrity -quiet [ipx::current_core]
ipx::archive_core {c:\eFPGA\ip_repo\ROTARY_ENCODER_1.0\xilinx.com_user_ROTARY_ENCODER_1.0.zip} [ipx::current_core]
set_property core_revision 3 [ipx::current_core]
ipx::update_source_project_archive -component [ipx::current_core]
ipx::create_xgui_files [ipx::current_core]
ipx::update_checksums [ipx::current_core]
ipx::save_core [ipx::current_core]
ipx::check_integrity -quiet [ipx::current_core]
ipx::archive_core {c:\eFPGA\ip_repo\ROTARY_ENCODER_1.0\xilinx.com_user_ROTARY_ENCODER_1.0.zip} [ipx::current_core]
update_files -from_files C:/eFPGA/ip_repo/ROTARY_ENCODER_1.0/src/ROTARY_ENCODER.vhd -to_files C:/eFPGA/ip_repo/ROTARY_ENCODER.vhd -filesets [get_filesets *]
ipx::merge_project_changes files [ipx::current_core]
set_property core_revision 4 [ipx::current_core]
ipx::update_source_project_archive -component [ipx::current_core]
ipx::create_xgui_files [ipx::current_core]
ipx::update_checksums [ipx::current_core]
ipx::save_core [ipx::current_core]
ipx::check_integrity -quiet [ipx::current_core]
ipx::archive_core {c:\eFPGA\ip_repo\ROTARY_ENCODER_1.0\xilinx.com_user_ROTARY_ENCODER_1.0.zip} [ipx::current_core]
ipx::move_temp_component_back -component [ipx::current_core]
close_project
update_ip_catalog -rebuild -repo_path c:/eFPGA/ip_repo/ROTARY_ENCODER_1.0
set_property  ip_repo_paths  {} [current_project]
update_ip_catalog
set_property  ip_repo_paths  C:/eFPGA/21_ROT_CUSTOM_IP/ip_repo [current_project]
update_ip_catalog
open_bd_design {C:/eFPGA/21_ROT_CUSTOM_IP/21_ROT_CUSTOM_IP.srcs/sources_1/bd/design_1/design_1.bd}
startgroup
create_bd_cell -type ip -vlnv xilinx.com:user:ROTARY_ENCODER:1.0 ROTARY_ENCODER_0
endgroup
startgroup
set_property -dict [list CONFIG.PCW_USE_M_AXI_GP0 {1}] [get_bd_cells processing_system7_0]
endgroup
apply_bd_automation -rule xilinx.com:bd_rule:axi4 -config { Clk_master {Auto} Clk_slave {Auto} Clk_xbar {Auto} Master {/processing_system7_0/M_AXI_GP0} Slave {/ROTARY_ENCODER_0/S00_AXI} ddr_seg {Auto} intc_ip {New AXI Interconnect} master_apm {0}}  [get_bd_intf_pins ROTARY_ENCODER_0/S00_AXI]
startgroup
make_bd_pins_external  [get_bd_pins ROTARY_ENCODER_0/ROT_VAL]
endgroup
make_wrapper -files [get_files C:/eFPGA/21_ROT_CUSTOM_IP/21_ROT_CUSTOM_IP.srcs/sources_1/bd/design_1/design_1.bd] -top
add_files -norecurse C:/eFPGA/21_ROT_CUSTOM_IP/21_ROT_CUSTOM_IP.srcs/sources_1/bd/design_1/hdl/design_1_wrapper.vhd
startgroup
make_bd_pins_external  [get_bd_pins ROTARY_ENCODER_0/RT1]
endgroup
startgroup
make_bd_pins_external  [get_bd_pins ROTARY_ENCODER_0/RT2]
endgroup
save_bd_design
launch_runs impl_1 -jobs 24
wait_on_run impl_1
update_ip_catalog -rebuild -scan_changes
report_ip_status -name ip_status
set_property  ip_repo_paths  {} [current_project]
update_ip_catalog
set_property  ip_repo_paths  C:/eFPGA [current_project]
update_ip_catalog
open_bd_design {C:/eFPGA/21_ROT_CUSTOM_IP/21_ROT_CUSTOM_IP.srcs/sources_1/bd/design_1/design_1.bd}
set_property LOCK_UPGRADE 1 [get_bd_cells /ROTARY_ENCODER_0]
report_ip_status -name ip_status 
set_property LOCK_UPGRADE 0 [get_bd_cells /ROTARY_ENCODER_0]
upgrade_ip -vlnv xilinx.com:user:ROTARY_ENCODER:1.0 [get_ips  design_1_ROTARY_ENCODER_0_0] -log ip_upgrade.log
export_ip_user_files -of_objects [get_ips design_1_ROTARY_ENCODER_0_0] -no_script -sync -force -quiet
report_ip_status -name ip_status 
reset_run impl_1
launch_runs impl_1 -jobs 24
wait_on_run impl_1
update_ip_catalog -rebuild
