17:41:13 **** Incremental Build of configuration Debug for project EX_TEST_app ****
make all 
make --no-print-directory pre-build
a9-linaro-pre-build-step
' '
make --no-print-directory main-build
'Building file: ../src/freertos_hello_world.c'
'Invoking: ARM v7 gcc compiler'
arm-none-eabi-gcc -Wall -O0 -g3 -c -fmessage-length=0 -MT"src/freertos_hello_world.o" -mcpu=cortex-a9 -mfpu=vfpv3 -mfloat-abi=hard -IC:/Users/KasperPC/Desktop/EOS_Examen/EX_TEST/EX_TEST/export/EX_TEST/sw/EX_TEST/freertos10_xilinx_domain/bspinclude/include -MMD -MP -MF"src/freertos_hello_world.d" -MT"src/freertos_hello_world.o" -o "src/freertos_hello_world.o" "../src/freertos_hello_world.c"
../src/freertos_hello_world.c: In function 'vTask1':
../src/freertos_hello_world.c:171:10: warning: implicit declaration of function 'scanf' [-Wimplicit-function-declaration]
  171 |   Data = scanf("%u", &Data); //XGpioPs_ReadPin(&GpioPs, BUTTON_PIN);
      |          ^~~~~
../src/freertos_hello_world.c:171:10: warning: incompatible implicit declaration of built-in function 'scanf'
../src/freertos_hello_world.c:14:1: note: include '<stdio.h>' or provide a declaration of 'scanf'
   13 | #include "header.h"
  +++ |+#include <stdio.h>
   14 | 
../src/freertos_hello_world.c:171:18: warning: format '%u' expects argument of type 'unsigned int *', but argument 2 has type 'u32 *' {aka 'long unsigned int *'} [-Wformat=]
  171 |   Data = scanf("%u", &Data); //XGpioPs_ReadPin(&GpioPs, BUTTON_PIN);
      |                 ~^   ~~~~~
      |                  |   |
      |                  |   u32 * {aka long unsigned int *}
      |                  unsigned int *
      |                 %lu
'Finished building: ../src/freertos_hello_world.c'
' '
'Building target: EX_TEST_app.elf'
'Invoking: ARM v7 gcc linker'
arm-none-eabi-gcc -mcpu=cortex-a9 -mfpu=vfpv3 -mfloat-abi=hard -Wl,-build-id=none -specs=Xilinx.spec -Wl,-T -Wl,../src/lscript.ld -LC:/Users/KasperPC/Desktop/EOS_Examen/EX_TEST/EX_TEST/export/EX_TEST/sw/EX_TEST/freertos10_xilinx_domain/bsplib/lib -o "EX_TEST_app.elf"  ./src/freertos_hello_world.o   -Wl,--start-group,-lxil,-lfreertos,-lgcc,-lc,--end-group
'Finished building target: EX_TEST_app.elf'
' '
'Invoking: ARM v7 Print Size'
arm-none-eabi-size EX_TEST_app.elf  |tee "EX_TEST_app.elf.size"
   text	   data	    bss	    dec	    hex	filename
 110220	   3380	  95520	 209120	  330e0	EX_TEST_app.elf
'Finished building: EX_TEST_app.elf.size'
' '

17:41:14 Build Finished (took 513ms)

