Nothing to build in platform 'design_1_wrapper'

14:24:37 **** Incremental Build of configuration Debug for project 19_BRAM_Controller_APP ****
make all 
make --no-print-directory pre-build
a9-linaro-pre-build-step
' '
make --no-print-directory main-build
'Building file: ../src/helloworld.c'
'Invoking: ARM v7 gcc compiler'
arm-none-eabi-gcc -Wall -O0 -g3 -c -fmessage-length=0 -MT"src/helloworld.o" -mcpu=cortex-a9 -mfpu=vfpv3 -mfloat-abi=hard -IC:/eFPGA/19_BRAM_Controller/design_1_wrapper/export/design_1_wrapper/sw/design_1_wrapper/standalone_domain/bspinclude/include -MMD -MP -MF"src/helloworld.d" -MT"src/helloworld.o" -o "src/helloworld.o" "../src/helloworld.c"
'Finished building: ../src/helloworld.c'
' '
'Building target: 19_BRAM_Controller_APP.elf'
'Invoking: ARM v7 gcc linker'
arm-none-eabi-gcc -mcpu=cortex-a9 -mfpu=vfpv3 -mfloat-abi=hard -Wl,-build-id=none -specs=Xilinx.spec -Wl,-T -Wl,../src/lscript.ld -LC:/eFPGA/19_BRAM_Controller/design_1_wrapper/export/design_1_wrapper/sw/design_1_wrapper/standalone_domain/bsplib/lib -o "19_BRAM_Controller_APP.elf"  ./src/helloworld.o ./src/platform.o   -Wl,--start-group,-lxil,-lgcc,-lc,--end-group
'Finished building target: 19_BRAM_Controller_APP.elf'
' '
'Invoking: ARM v7 Print Size'
arm-none-eabi-size 19_BRAM_Controller_APP.elf  |tee "19_BRAM_Controller_APP.elf.size"
   text	   data	    bss	    dec	    hex	filename
 101148	   2600	14687024	14790772	 e1b074	19_BRAM_Controller_APP.elf
'Finished building: 19_BRAM_Controller_APP.elf.size'
' '
