17:07:07 **** Incremental Build of configuration Debug for project EX7_app ****
make all 
make --no-print-directory pre-build
a9-linaro-pre-build-step
' '
make --no-print-directory main-build
'Building file: ../src/freertos_hello_world.c'
'Invoking: ARM v7 gcc compiler'
arm-none-eabi-gcc -Wall -O0 -g3 -c -fmessage-length=0 -MT"src/freertos_hello_world.o" -mcpu=cortex-a9 -mfpu=vfpv3 -mfloat-abi=hard -IC:/Users/KasperPC/Desktop/EOS_Examen/EX7/EX7/export/EX7/sw/EX7/freertos10_xilinx_domain/bspinclude/include -MMD -MP -MF"src/freertos_hello_world.d" -MT"src/freertos_hello_world.o" -o "src/freertos_hello_world.o" "../src/freertos_hello_world.c"
'Finished building: ../src/freertos_hello_world.c'
' '
'Building target: EX7_app.elf'
'Invoking: ARM v7 gcc linker'
arm-none-eabi-gcc -mcpu=cortex-a9 -mfpu=vfpv3 -mfloat-abi=hard -Wl,-build-id=none -specs=Xilinx.spec -Wl,-T -Wl,../src/lscript.ld -LC:/Users/KasperPC/Desktop/EOS_Examen/EX7/EX7/export/EX7/sw/EX7/freertos10_xilinx_domain/bsplib/lib -o "EX7_app.elf"  ./src/freertos_hello_world.o   -Wl,--start-group,-lxil,-lfreertos,-lgcc,-lc,--end-group
'Finished building target: EX7_app.elf'
' '
'Invoking: ARM v7 Print Size'
arm-none-eabi-size EX7_app.elf  |tee "EX7_app.elf.size"
   text	   data	    bss	    dec	    hex	filename
  70928	   3344	  88784	 163056	  27cf0	EX7_app.elf
'Finished building: EX7_app.elf.size'
' '

17:07:07 Build Finished (took 574ms)

