Nothing to build in platform 'EX7'

17:07:07 **** Clean-only build of configuration Debug for project EX7_app ****
make clean 
rm -rf  ./src/freertos_hello_world.o ./src/v2.o  ./src/freertos_hello_world.d ./src/v2.d  EX7_app.elf.size  EX7_app.elf
' '
17:07:07 **** Incremental Build of configuration Debug for project EX7_app ****
make all 
make --no-print-directory pre-build
a9-linaro-pre-build-step
' '
make --no-print-directory main-build
'Building file: ../src/freertos_hello_world.c'
'Invoking: ARM v7 gcc compiler'
arm-none-eabi-gcc -Wall -O0 -g3 -c -fmessage-length=0 -MT"src/freertos_hello_world.o" -mcpu=cortex-a9 -mfpu=vfpv3 -mfloat-abi=hard -IC:/Users/KasperPC/Desktop/EOS_Examen/EX7/EX7/export/EX7/sw/EX7/freertos10_xilinx_domain/bspinclude/include -MMD -MP -MF"src/freertos_hello_world.d" -MT"src/freertos_hello_world.o" -o "src/freertos_hello_world.o" "../src/freertos_hello_world.c"
'Finished building: ../src/freertos_hello_world.c'
' '
'Building target: EX7_app.elf'
'Invoking: ARM v7 gcc linker'
arm-none-eabi-gcc -mcpu=cortex-a9 -mfpu=vfpv3 -mfloat-abi=hard -Wl,-build-id=none -specs=Xilinx.spec -Wl,-T -Wl,../src/lscript.ld -LC:/Users/KasperPC/Desktop/EOS_Examen/EX7/EX7/export/EX7/sw/EX7/freertos10_xilinx_domain/bsplib/lib -o "EX7_app.elf"  ./src/freertos_hello_world.o   -Wl,--start-group,-lxil,-lfreertos,-lgcc,-lc,--end-group
'Finished building target: EX7_app.elf'
' '
'Invoking: ARM v7 Print Size'
arm-none-eabi-size EX7_app.elf  |tee "EX7_app.elf.size"
   text	   data	    bss	    dec	    hex	filename
  70928	   3344	  88784	 163056	  27cf0	EX7_app.elf
'Finished building: EX7_app.elf.size'
' '
17:07:08 **** Incremental Build of configuration Debug for project EX7_app_system ****
make all 
Generating bif file for the system project
generate_system_bif.bat 51362 C:/Users/KasperPC/Desktop/EOS_Examen/EX7/EX7/export/EX7/EX7.xpfm freertos10_xilinx_domain C:/Users/KasperPC/Desktop/EOS_Examen/EX7/EX7_app_system/Debug/system.bif
sdcard_gen --xpfm C:/Users/KasperPC/Desktop/EOS_Examen/EX7/EX7/export/EX7/EX7.xpfm --sys_config EX7 --bif C:/Users/KasperPC/Desktop/EOS_Examen/EX7/EX7_app_system/Debug/system.bif --bitstream C:/Users/KasperPC/Desktop/EOS_Examen/EX7/EX7_app/_ide/bitstream/design_1_wrapper.bit --elf C:/Users/KasperPC/Desktop/EOS_Examen/EX7/EX7_app/Debug/EX7_app.elf,ps7_cortexa9_0
creating BOOT.BIN using C:/Users/KasperPC/Desktop/EOS_Examen/EX7/EX7_app/_ide/bitstream/design_1_wrapper.bit
Running C:/Xilinx/Vitis/2020.1/bin/bootgen  -image C:/Users/KasperPC/Desktop/EOS_Examen/EX7/EX7_app_system/Debug/sd_card_temp/boot.bif -w -o i BOOT.BIN
